php : PHP Warning:  PHP Startup: Unable to load dynamic library 'pcntl' (tried: C:/Program Files/Ampps\php82\ext\pcntl 
(The specified module could not be found), C:/Program Files/Ampps\php82\ext\php_pcntl.dll (The specified module could 
not be found)) in Unknown on line 0
At line:1 char:1
+ php artisan test tests/Feature/CheckoutTest.php > test_output.txt 2>& ...
+ ~~~~~~~~~~~~~~~~~~~~~~~~~~~~~~~~~~~~~~~~~~~~~~~~~~~~~~~~~~~~~~~~~~~~~
    + CategoryInfo          : NotSpecified: (PHP Warning:  P...known on line 0:String) [], RemoteException
    + FullyQualifiedErrorId : NativeCommandError
 

Warning: PHP Startup: Unable to load dynamic library 'pcntl' (tried: C:/Program Files/Ampps\php82\ext\pcntl (The specified module could not be found), C:/Program Files/Ampps\php82\ext\php_pcntl.dll (The specified module could not be found)) in Unknown on line 0

Warning: PHP Startup: Unable to load dynamic library 'pcntl' (tried: C:/Program Files/Ampps\php82\ext\pcntl (The specified module could not be found), C:/Program Files/Ampps\php82\ext\php_pcntl.dll (The specified module could not be found)) in Unknown on line 0
PHP Warning:  PHP Startup: Unable to load dynamic library 'pcntl' (tried: C:/Program Files/Ampps\php82\ext\pcntl (The specified module could not be found), C:/Program Files/Ampps\php82\ext\php_pcntl.dll (The specified module could not be found)) in Unknown on line 0

   FAIL  Tests\Feature\CheckoutTest
  Γ£ô checkout requires authentication                                                                             2.62s  
  Γ£ô checkout validates required fields                                                                           0.13s  
  Γ¿» checkout only allows cod payment method                                                                      0.09s  
  Γ¿» successful checkout with cod                                                                                 0.06s  
  ΓöÇΓöÇΓöÇΓöÇΓöÇΓöÇΓöÇΓöÇΓöÇΓöÇΓöÇΓöÇΓöÇΓöÇΓöÇΓöÇΓöÇΓöÇΓöÇΓöÇΓöÇΓöÇΓöÇΓöÇΓöÇΓöÇΓöÇΓöÇΓöÇΓöÇΓöÇΓöÇΓöÇΓöÇΓöÇΓöÇΓöÇΓöÇΓöÇΓöÇΓöÇΓöÇΓöÇΓöÇΓöÇΓöÇΓöÇΓöÇΓöÇΓöÇΓöÇΓöÇΓöÇΓöÇΓöÇΓöÇΓöÇΓöÇΓöÇΓöÇΓöÇΓöÇΓöÇΓöÇΓöÇΓöÇΓöÇΓöÇΓöÇΓöÇΓöÇΓöÇΓöÇΓöÇΓöÇΓöÇΓöÇΓöÇΓöÇΓöÇΓöÇΓöÇΓöÇΓöÇΓöÇΓöÇΓöÇΓöÇΓöÇΓöÇΓöÇΓöÇΓöÇΓöÇΓöÇΓöÇΓöÇΓöÇΓöÇΓöÇΓöÇΓöÇΓöÇΓöÇΓöÇΓöÇΓöÇΓöÇΓöÇΓöÇΓöÇΓöÇΓöÇΓöÇΓöÇΓöÇ  
   FAILED  Tests\Feature\CheckoutTest > checkout only allows cod payment method                        QueryException   
  SQLSTATE[HY000]: General error: 1 table items has no column named avg_rating (Connection: sqlite, Database: :memory:, SQL: insert into "items" ("brand_id", "name", "description", "price", "stock", "low_stock_threshold", "type", "status", "avg_rating", "reviews_count", "updated_at", "created_at") values (1, Eum impedit quo, Molestias illum deleniti enim nostrum et eveniet. Quos corporis id nesciunt accusamus magni quia. Totam quia unde dolorem et sint possimus fugit., 100, 10, 10, product, sold, 4.71, 99, 2026-04-19 12:15:13, 2026-04-19 12:15:13))

  at vendor\laravel\framework\src\Illuminate\Database\Connection.php:578
    574Γûò             if ($this->pretending()) {
    575Γûò                 return true;
    576Γûò             }
    577Γûò 
  Γ₧£ 578Γûò             $statement = $this->getPdo()->prepare($query);
    579Γûò 
    580Γûò             $this->bindValues($statement, $this->prepareBindings($bindings));
    581Γûò 
    582Γûò             $this->recordsHaveBeenModified();

  1   vendor\laravel\framework\src\Illuminate\Database\Connection.php:578
  2   vendor\laravel\framework\src\Illuminate\Database\Connection.php:827

  ΓöÇΓöÇΓöÇΓöÇΓöÇΓöÇΓöÇΓöÇΓöÇΓöÇΓöÇΓöÇΓöÇΓöÇΓöÇΓöÇΓöÇΓöÇΓöÇΓöÇΓöÇΓöÇΓöÇΓöÇΓöÇΓöÇΓöÇΓöÇΓöÇΓöÇΓöÇΓöÇΓöÇΓöÇΓöÇΓöÇΓöÇΓöÇΓöÇΓöÇΓöÇΓöÇΓöÇΓöÇΓöÇΓöÇΓöÇΓöÇΓöÇΓöÇΓöÇΓöÇΓöÇΓöÇΓöÇΓöÇΓöÇΓöÇΓöÇΓöÇΓöÇΓöÇΓöÇΓöÇΓöÇΓöÇΓöÇΓöÇΓöÇΓöÇΓöÇΓöÇΓöÇΓöÇΓöÇΓöÇΓöÇΓöÇΓöÇΓöÇΓöÇΓöÇΓöÇΓöÇΓöÇΓöÇΓöÇΓöÇΓöÇΓöÇΓöÇΓöÇΓöÇΓöÇΓöÇΓöÇΓöÇΓöÇΓöÇΓöÇΓöÇΓöÇΓöÇΓöÇΓöÇΓöÇΓöÇΓöÇΓöÇΓöÇΓöÇΓöÇΓöÇΓöÇΓöÇΓöÇ  
   FAILED  Tests\Feature\CheckoutTest > successful checkout with cod                                   QueryException   
  SQLSTATE[HY000]: General error: 1 table items has no column named avg_rating (Connection: sqlite, Database: :memory:, SQL: insert into "items" ("brand_id", "name", "description", "price", "stock", "low_stock_threshold", "type", "status", "avg_rating", "reviews_count", "updated_at", "created_at") values (1, Quae qui dignissimos, At velit provident qui mollitia ut. Sit sint voluptatibus voluptas est ut. Libero enim sed qui mollitia aspernatur., 100, 10, 10, animal, sold, 4.1, 41, 2026-04-19 12:15:13, 2026-04-19 12:15:13))

  at vendor\laravel\framework\src\Illuminate\Database\Connection.php:578
    574Γûò             if ($this->pretending()) {
    575Γûò                 return true;
    576Γûò             }
    577Γûò 
  Γ₧£ 578Γûò             $statement = $this->getPdo()->prepare($query);
    579Γûò 
    580Γûò             $this->bindValues($statement, $this->prepareBindings($bindings));
    581Γûò 
    582Γûò             $this->recordsHaveBeenModified();

  1   vendor\laravel\framework\src\Illuminate\Database\Connection.php:578
  2   vendor\laravel\framework\src\Illuminate\Database\Connection.php:827


  Tests:    2 failed, 2 passed (7 assertions)
  Duration: 3.43s

